[conv] 600 例 → /mnt/data_sdb/wangx/data/Brain_MRI/track4_sim
[conv] 50/600 …
[conv] 100/600 …
[conv] 150/600 …
[conv] 200/600 …
[conv] 250/600 …
[conv] 300/600 …
[conv] 350/600 …
[conv] 400/600 …
[conv] 450/600 …
[conv] 500/600 …
[conv] 550/600 …
[conv] 600/600 …
[conv] 完成 600/600
Traceback (most recent call last):
  File "/opt/miniconda3/envs/pyCTA/lib/python3.11/site-packages/nibabel/loadsave.py", line 104, in load
    stat_result = os.stat(filename)
                  ^^^^^^^^^^^^^^^^^
FileNotFoundError: [Errno 2] No such file or directory: '/mnt/data_sdb/wangx/data/Brain_MRI/track4_sim/BraTS2021_00674/BraTS2021_00674_t1ce.nii.gz'

During handling of the above exception, another exception occurred:

Traceback (most recent call last):
  File "/mnt/data_sdb/wangx/code/BrainTumorSeg/glioma_track4/scripts/10_brats_to_track4.py", line 183, in <module>
    
  File "/mnt/data_sdb/wangx/code/BrainTumorSeg/glioma_track4/scripts/10_brats_to_track4.py", line 175, in main
    for i, e in enumerate(pool.imap_unordered(_worker, jobs, chunksize=4)):
^^^^^^^^^^^^^^^^^^^^^^^^^^^^^^^^^^^^^^^^
  File "/mnt/data_sdb/wangx/code/BrainTumorSeg/glioma_track4/scripts/10_brats_to_track4.py", line 73, in make_fake
    img = nib.load(os.path.join(src, f"{os.path.basename(src)}_t1ce.nii.gz"))
          ^^^^^^^^^^^^^^^^^^^^^^^^^^^^^^^^^^^^^^^^^^^^^^^^^^^^^^^^^^^^^^^^^^^
  File "/opt/miniconda3/envs/pyCTA/lib/python3.11/site-packages/nibabel/loadsave.py", line 106, in load
    raise FileNotFoundError(f"No such file or no access: '{filename}'")
FileNotFoundError: No such file or no access: '/mnt/data_sdb/wangx/data/Brain_MRI/track4_sim/BraTS2021_00674/BraTS2021_00674_t1ce.nii.gz'
