[trainer] 断点续训：epoch 78/100
[trainer] 数据源标识: train=local/track4_sim/train val=local/track4_sim/val
[trainer] tag=g4_fold1 fold=1 train=499 val=125 steps/epoch=249 特殊影像正样本=[6, 6] 重复对=True
[g4_fold1] ep78 step21/249 loss=0.2901 {'ds': 0.126, 'seg': 0.207, 'cls': 0.332, 'special': 0.0, 'embed': 0.003}
[g4_fold1] ep78 step41/249 loss=0.6546 {'ds': 0.375, 'seg': 0.529, 'cls': 0.503, 'special': 0.0, 'embed': 0.0}
[g4_fold1] ep78 step61/249 loss=0.2853 {'ds': 0.151, 'seg': 0.201, 'cls': 0.337, 'special': 0.0, 'embed': 0.004}
[g4_fold1] ep78 step81/249 loss=0.2608 {'ds': 0.124, 'seg': 0.175, 'cls': 0.343, 'special': 0.0, 'embed': 0.002}
[g4_fold1] ep78 step101/249 loss=0.1547 {'ds': 0.081, 'seg': 0.105, 'cls': 0.198, 'special': 0.0, 'embed': 0.002}
[g4_fold1] ep78 step121/249 loss=0.2125 {'ds': 0.085, 'seg': 0.121, 'cls': 0.365, 'special': 0.0, 'embed': 0.001}
[g4_fold1] ep78 step141/249 loss=0.2267 {'ds': 0.116, 'seg': 0.158, 'cls': 0.275, 'special': 0.0, 'embed': 0.0}
[g4_fold1] ep78 step161/249 loss=0.2736 {'ds': 0.178, 'seg': 0.207, 'cls': 0.264, 'special': 0.0, 'embed': 0.001}
[g4_fold1] ep78 step181/249 loss=0.4938 {'ds': 0.281, 'seg': 0.401, 'cls': 0.372, 'special': 0.0, 'embed': 0.001}
[g4_fold1] ep78 step201/249 loss=0.1439 {'ds': 0.063, 'seg': 0.081, 'cls': 0.245, 'special': 0.002, 'embed': 0.013}
[g4_fold1] ep78 step221/249 loss=0.5824 {'ds': 0.336, 'seg': 0.468, 'cls': 0.459, 'special': 0.0, 'embed': 0.001}
[g4_fold1] ep78 step241/249 loss=0.4317 {'ds': 0.196, 'seg': 0.259, 'cls': 0.689, 'special': 0.0, 'embed': 0.005}
[g4_fold1] epoch 78 loss=0.2301 dice_core=0.9139 dice_peri=0.9548 thr=[0.35, 0.55] (868s)
[g4_fold1] ep79 step21/249 loss=0.1560 {'ds': 0.08, 'seg': 0.102, 'cls': 0.215, 'special': 0.0, 'embed': 0.002}
[g4_fold1] ep79 step41/249 loss=0.2037 {'ds': 0.097, 'seg': 0.125, 'cls': 0.313, 'special': 0.0, 'embed': 0.001}
[g4_fold1] ep79 step61/249 loss=0.1898 {'ds': 0.093, 'seg': 0.121, 'cls': 0.276, 'special': 0.0, 'embed': 0.001}
[g4_fold1] ep79 step81/249 loss=0.6034 {'ds': 0.394, 'seg': 0.532, 'cls': 0.285, 'special': 0.0, 'embed': 0.0}
[g4_fold1] ep79 step101/249 loss=0.2233 {'ds': 0.092, 'seg': 0.125, 'cls': 0.395, 'special': 0.0, 'embed': 0.001}
[g4_fold1] ep79 step121/249 loss=0.7732 {'ds': 0.331, 'seg': 0.711, 'cls': 0.25, 'special': 0.0, 'embed': 0.001}
[g4_fold1] ep79 step141/249 loss=0.1666 {'ds': 0.096, 'seg': 0.119, 'cls': 0.184, 'special': 0.0, 'embed': 0.015}
[g4_fold1] ep79 step161/249 loss=0.2905 {'ds': 0.151, 'seg': 0.2, 'cls': 0.363, 'special': 0.0, 'embed': 0.001}
[g4_fold1] ep79 step181/249 loss=0.1749 {'ds': 0.094, 'seg': 0.125, 'cls': 0.198, 'special': 0.0, 'embed': 0.005}
[g4_fold1] ep79 step201/249 loss=0.1711 {'ds': 0.046, 'seg': 0.06, 'cls': 0.441, 'special': 0.0, 'embed': 0.004}
[g4_fold1] ep79 step221/249 loss=0.5368 {'ds': 0.218, 'seg': 0.447, 'cls': 0.357, 'special': 0.0, 'embed': 0.001}
[g4_fold1] ep79 step241/249 loss=0.1942 {'ds': 0.084, 'seg': 0.123, 'cls': 0.285, 'special': 0.0, 'embed': 0.001}
[g4_fold1] epoch 79 loss=0.2318 dice_core=0.9142 dice_peri=0.9548 thr=[0.35, 0.55] (756s)
[g4_fold1] ep80 step21/249 loss=0.3422 {'ds': 0.178, 'seg': 0.239, 'cls': 0.411, 'special': 0.0, 'embed': 0.001}
[g4_fold1] ep80 step41/249 loss=0.2940 {'ds': 0.179, 'seg': 0.241, 'cls': 0.21, 'special': 0.0, 'embed': 0.001}
[g4_fold1] ep80 step61/249 loss=0.1550 {'ds': 0.075, 'seg': 0.1, 'cls': 0.217, 'special': 0.0, 'embed': 0.007}
[g4_fold1] ep80 step81/249 loss=0.2821 {'ds': 0.154, 'seg': 0.196, 'cls': 0.339, 'special': 0.0, 'embed': 0.025}
[g4_fold1] ep80 step101/249 loss=0.1990 {'ds': 0.093, 'seg': 0.129, 'cls': 0.279, 'special': 0.0, 'embed': 0.002}
[g4_fold1] ep80 step121/249 loss=0.3447 {'ds': 0.16, 'seg': 0.201, 'cls': 0.572, 'special': 0.0, 'embed': 0.012}
[g4_fold1] ep80 step141/249 loss=0.2032 {'ds': 0.092, 'seg': 0.126, 'cls': 0.306, 'special': 0.0, 'embed': 0.004}
[g4_fold1] ep80 step161/249 loss=0.3254 {'ds': 0.141, 'seg': 0.193, 'cls': 0.529, 'special': 0.0, 'embed': 0.004}
[g4_fold1] ep80 step181/249 loss=0.1958 {'ds': 0.07, 'seg': 0.099, 'cls': 0.388, 'special': 0.0, 'embed': 0.002}
[g4_fold1] ep80 step201/249 loss=0.5718 {'ds': 0.33, 'seg': 0.454, 'cls': 0.47, 'special': 0.0, 'embed': 0.005}
[g4_fold1] ep80 step221/249 loss=0.1799 {'ds': 0.085, 'seg': 0.116, 'cls': 0.254, 'special': 0.0, 'embed': 0.007}
[g4_fold1] ep80 step241/249 loss=0.2650 {'ds': 0.13, 'seg': 0.174, 'cls': 0.357, 'special': 0.0, 'embed': 0.02}
[g4_fold1] epoch 80 loss=0.2579 dice_core=0.9144 dice_peri=0.9549 thr=[0.35, 0.55] (746s)
[g4_fold1] ep81 step21/249 loss=0.1717 {'ds': 0.078, 'seg': 0.104, 'cls': 0.268, 'special': 0.0, 'embed': 0.01}
[g4_fold1] ep81 step41/249 loss=0.2310 {'ds': 0.101, 'seg': 0.132, 'cls': 0.397, 'special': 0.0, 'embed': 0.002}
[g4_fold1] ep81 step61/249 loss=0.1621 {'ds': 0.071, 'seg': 0.099, 'cls': 0.245, 'special': 0.0, 'embed': 0.027}
[g4_fold1] ep81 step81/249 loss=0.2524 {'ds': 0.141, 'seg': 0.186, 'cls': 0.263, 'special': 0.0, 'embed': 0.001}
[g4_fold1] ep81 step101/249 loss=0.2234 {'ds': 0.115, 'seg': 0.147, 'cls': 0.305, 'special': 0.0, 'embed': 0.005}
[g4_fold1] ep81 step121/249 loss=0.4288 {'ds': 0.205, 'seg': 0.28, 'cls': 0.595, 'special': 0.0, 'embed': 0.001}
[g4_fold1] ep81 step141/249 loss=0.2552 {'ds': 0.108, 'seg': 0.145, 'cls': 0.438, 'special': 0.0, 'embed': 0.006}
[g4_fold1] ep81 step161/249 loss=1.0490 {'ds': 0.522, 'seg': 0.977, 'cls': 0.286, 'special': 0.0, 'embed': 0.001}
[g4_fold1] ep81 step181/249 loss=0.3952 {'ds': 0.201, 'seg': 0.295, 'cls': 0.4, 'special': 0.0, 'embed': 0.001}
[g4_fold1] ep81 step201/249 loss=0.1531 {'ds': 0.074, 'seg': 0.1, 'cls': 0.211, 'special': 0.0, 'embed': 0.009}
[g4_fold1] ep81 step221/249 loss=0.3909 {'ds': 0.256, 'seg': 0.339, 'cls': 0.207, 'special': 0.0, 'embed': 0.002}
[g4_fold1] ep81 step241/249 loss=0.2216 {'ds': 0.128, 'seg': 0.167, 'cls': 0.217, 'special': 0.0, 'embed': 0.002}
[g4_fold1] epoch 81 loss=0.2512 dice_core=0.9141 dice_peri=0.9548 thr=[0.35, 0.5] (762s)
[g4_fold1] ep82 step21/249 loss=0.2211 {'ds': 0.119, 'seg': 0.155, 'cls': 0.266, 'special': 0.0, 'embed': 0.001}
[g4_fold1] ep82 step41/249 loss=0.1689 {'ds': 0.069, 'seg': 0.084, 'cls': 0.337, 'special': 0.0, 'embed': 0.006}
[g4_fold1] ep82 step61/249 loss=0.2222 {'ds': 0.103, 'seg': 0.135, 'cls': 0.35, 'special': 0.0, 'embed': 0.001}
[g4_fold1] ep82 step81/249 loss=0.2913 {'ds': 0.156, 'seg': 0.215, 'cls': 0.306, 'special': 0.0, 'embed': 0.0}
[g4_fold1] ep82 step101/249 loss=1.0131 {'ds': 0.475, 'seg': 0.917, 'cls': 0.385, 'special': 0.0, 'embed': 0.001}
[g4_fold1] ep82 step121/249 loss=0.3177 {'ds': 0.16, 'seg': 0.22, 'cls': 0.388, 'special': 0.0, 'embed': 0.009}
[g4_fold1] ep82 step141/249 loss=0.3400 {'ds': 0.148, 'seg': 0.203, 'cls': 0.545, 'special': 0.0, 'embed': 0.01}
[g4_fold1] ep82 step161/249 loss=0.1487 {'ds': 0.079, 'seg': 0.098, 'cls': 0.194, 'special': 0.0, 'embed': 0.029}
[g4_fold1] ep82 step181/249 loss=0.4022 {'ds': 0.245, 'seg': 0.325, 'cls': 0.308, 'special': 0.0, 'embed': 0.002}
[g4_fold1] ep82 step201/249 loss=0.1958 {'ds': 0.101, 'seg': 0.126, 'cls': 0.265, 'special': 0.0, 'embed': 0.04}
[g4_fold1] ep82 step221/249 loss=0.1835 {'ds': 0.086, 'seg': 0.109, 'cls': 0.259, 'special': 0.0, 'embed': 0.135}
[g4_fold1] ep82 step241/249 loss=0.7612 {'ds': 0.212, 'seg': 0.288, 'cls': 0.347, 'special': 0.001, 'embed': 5.151}
[g4_fold1] epoch 82 loss=0.2856 dice_core=0.9131 dice_peri=0.9545 thr=[0.35, 0.5] (768s)
[g4_fold1] ep83 step21/249 loss=0.5783 {'ds': 0.311, 'seg': 0.428, 'cls': 0.593, 'special': 0.006, 'embed': 0.001}
[g4_fold1] ep83 step41/249 loss=0.5950 {'ds': 0.355, 'seg': 0.476, 'cls': 0.472, 'special': 0.001, 'embed': 0.01}
[g4_fold1] ep83 step61/249 loss=0.4810 {'ds': 0.094, 'seg': 0.134, 'cls': 0.566, 'special': 0.0, 'embed': 2.735}
[g4_fold1] ep83 step81/249 loss=0.5326 {'ds': 0.172, 'seg': 0.237, 'cls': 0.776, 'special': 0.005, 'embed': 1.34}
[g4_fold1] ep83 step101/249 loss=0.5987 {'ds': 0.324, 'seg': 0.45, 'cls': 0.591, 'special': 0.004, 'embed': 0.0}
[g4_fold1] ep83 step121/249 loss=0.3524 {'ds': 0.246, 'seg': 0.257, 'cls': 0.373, 'special': 0.0, 'embed': 0.028}
[g4_fold1] ep83 step141/249 loss=0.2094 {'ds': 0.085, 'seg': 0.118, 'cls': 0.361, 'special': 0.0, 'embed': 0.017}
[g4_fold1] ep83 step161/249 loss=0.5442 {'ds': 0.332, 'seg': 0.449, 'cls': 0.357, 'special': 0.016, 'embed': 0.028}
[g4_fold1] ep83 step181/249 loss=0.2471 {'ds': 0.113, 'seg': 0.163, 'cls': 0.326, 'special': 0.009, 'embed': 0.011}
[g4_fold1] ep83 step201/249 loss=0.5517 {'ds': 0.311, 'seg': 0.435, 'cls': 0.371, 'special': 0.002, 'embed': 0.315}
[g4_fold1] ep83 step221/249 loss=0.6378 {'ds': 0.143, 'seg': 0.191, 'cls': 0.308, 'special': 0.012, 'embed': 4.895}
[g4_fold1] ep83 step241/249 loss=0.5906 {'ds': 0.311, 'seg': 0.433, 'cls': 0.626, 'special': 0.001, 'embed': 0.008}
[g4_fold1] epoch 83 loss=0.3109 dice_core=0.9117 dice_peri=0.9545 thr=[0.35, 0.5] (849s)
[g4_fold1] ep84 step21/249 loss=0.3453 {'ds': 0.099, 'seg': 0.129, 'cls': 0.306, 'special': 0.0, 'embed': 1.865}
[g4_fold1] ep84 step41/249 loss=0.3284 {'ds': 0.204, 'seg': 0.24, 'cls': 0.352, 'special': 0.0, 'embed': 0.002}
[g4_fold1] ep84 step61/249 loss=0.4815 {'ds': 0.069, 'seg': 0.098, 'cls': 0.248, 'special': 0.0, 'embed': 4.284}
[g4_fold1] ep84 step81/249 loss=0.2694 {'ds': 0.111, 'seg': 0.15, 'cls': 0.476, 'special': 0.0, 'embed': 0.003}
[g4_fold1] ep84 step101/249 loss=0.5487 {'ds': 0.283, 'seg': 0.38, 'cls': 0.352, 'special': 0.0, 'embed': 1.075}
[g4_fold1] ep84 step121/249 loss=0.5820 {'ds': 0.11, 'seg': 0.147, 'cls': 0.223, 'special': 0.0, 'embed': 5.063}
[g4_fold1] ep84 step141/249 loss=0.2822 {'ds': 0.127, 'seg': 0.172, 'cls': 0.438, 'special': 0.001, 'embed': 0.002}
[g4_fold1] ep84 step161/249 loss=0.1635 {'ds': 0.072, 'seg': 0.092, 'cls': 0.281, 'special': 0.0, 'embed': 0.02}
[g4_fold1] ep84 step181/249 loss=0.6803 {'ds': 0.239, 'seg': 0.317, 'cls': 0.649, 'special': 0.0, 'embed': 2.686}
[g4_fold1] ep84 step201/249 loss=0.2947 {'ds': 0.12, 'seg': 0.16, 'cls': 0.537, 'special': 0.0, 'embed': 0.014}
[g4_fold1] ep84 step221/249 loss=0.1894 {'ds': 0.087, 'seg': 0.113, 'cls': 0.299, 'special': 0.0, 'embed': 0.021}
[g4_fold1] ep84 step241/249 loss=0.2769 {'ds': 0.124, 'seg': 0.176, 'cls': 0.34, 'special': 0.0, 'embed': 0.21}
[g4_fold1] epoch 84 loss=0.2889 dice_core=0.9109 dice_peri=0.9541 thr=[0.35, 0.5] (821s)
[g4_fold1] ep85 step21/249 loss=0.3273 {'ds': 0.189, 'seg': 0.243, 'cls': 0.334, 'special': 0.0, 'embed': 0.004}
[g4_fold1] ep85 step41/249 loss=0.1957 {'ds': 0.077, 'seg': 0.109, 'cls': 0.339, 'special': 0.0, 'embed': 0.021}
[g4_fold1] ep85 step61/249 loss=0.6632 {'ds': 0.366, 'seg': 0.502, 'cls': 0.562, 'special': 0.001, 'embed': 0.269}
[g4_fold1] ep85 step81/249 loss=0.2138 {'ds': 0.067, 'seg': 0.089, 'cls': 0.485, 'special': 0.0, 'embed': 0.041}
[g4_fold1] ep85 step101/249 loss=0.2986 {'ds': 0.146, 'seg': 0.185, 'cls': 0.451, 'special': 0.001, 'embed': 0.007}
[g4_fold1] ep85 step121/249 loss=0.2293 {'ds': 0.106, 'seg': 0.144, 'cls': 0.339, 'special': 0.0, 'embed': 0.002}
[g4_fold1] ep85 step141/249 loss=0.4754 {'ds': 0.193, 'seg': 0.268, 'cls': 0.807, 'special': 0.0, 'embed': 0.076}
[g4_fold1] ep85 step161/249 loss=0.1738 {'ds': 0.087, 'seg': 0.111, 'cls': 0.245, 'special': 0.005, 'embed': 0.011}
[g4_fold1] ep85 step181/249 loss=0.2478 {'ds': 0.123, 'seg': 0.171, 'cls': 0.266, 'special': 0.001, 'embed': 0.139}
[g4_fold1] ep85 step201/249 loss=0.2900 {'ds': 0.161, 'seg': 0.217, 'cls': 0.281, 'special': 0.001, 'embed': 0.039}
[g4_fold1] ep85 step221/249 loss=0.4241 {'ds': 0.198, 'seg': 0.296, 'cls': 0.513, 'special': 0.0, 'embed': 0.002}
[g4_fold1] ep85 step241/249 loss=0.2834 {'ds': 0.116, 'seg': 0.174, 'cls': 0.426, 'special': 0.0, 'embed': 0.032}
[g4_fold1] epoch 85 loss=0.2626 dice_core=0.9109 dice_peri=0.9542 thr=[0.35, 0.5] (855s)
[g4_fold1] ep86 step21/249 loss=0.3171 {'ds': 0.153, 'seg': 0.214, 'cls': 0.398, 'special': 0.0, 'embed': 0.046}
[g4_fold1] ep86 step41/249 loss=0.1571 {'ds': 0.07, 'seg': 0.094, 'cls': 0.251, 'special': 0.0, 'embed': 0.001}
[g4_fold1] ep86 step61/249 loss=0.2121 {'ds': 0.094, 'seg': 0.113, 'cls': 0.394, 'special': 0.001, 'embed': 0.003}
[g4_fold1] ep86 step81/249 loss=0.3165 {'ds': 0.142, 'seg': 0.194, 'cls': 0.478, 'special': 0.0, 'embed': 0.045}
[g4_fold1] ep86 step101/249 loss=0.1915 {'ds': 0.102, 'seg': 0.137, 'cls': 0.215, 'special': 0.0, 'embed': 0.012}
[g4_fold1] ep86 step121/249 loss=0.4691 {'ds': 0.216, 'seg': 0.292, 'cls': 0.69, 'special': 0.0, 'embed': 0.064}
[g4_fold1] ep86 step141/249 loss=0.2870 {'ds': 0.148, 'seg': 0.19, 'cls': 0.383, 'special': 0.0, 'embed': 0.011}
[g4_fold1] ep86 step161/249 loss=0.1702 {'ds': 0.084, 'seg': 0.108, 'cls': 0.249, 'special': 0.0, 'embed': 0.0}
[g4_fold1] ep86 step181/249 loss=0.2302 {'ds': 0.08, 'seg': 0.121, 'cls': 0.435, 'special': 0.0, 'embed': 0.001}
[g4_fold1] ep86 step201/249 loss=0.2126 {'ds': 0.076, 'seg': 0.109, 'cls': 0.41, 'special': 0.0, 'embed': 0.007}
[g4_fold1] ep86 step221/249 loss=0.2027 {'ds': 0.079, 'seg': 0.109, 'cls': 0.371, 'special': 0.0, 'embed': 0.01}
[g4_fold1] ep86 step241/249 loss=0.2197 {'ds': 0.103, 'seg': 0.135, 'cls': 0.334, 'special': 0.0, 'embed': 0.01}
[g4_fold1] epoch 86 loss=0.2574 dice_core=0.9111 dice_peri=0.9543 thr=[0.35, 0.5] (837s)
[g4_fold1] ep87 step21/249 loss=0.4455 {'ds': 0.219, 'seg': 0.301, 'cls': 0.575, 'special': 0.0, 'embed': 0.016}
[g4_fold1] ep87 step41/249 loss=0.2315 {'ds': 0.119, 'seg': 0.151, 'cls': 0.318, 'special': 0.0, 'embed': 0.014}
[g4_fold1] ep87 step61/249 loss=0.4933 {'ds': 0.264, 'seg': 0.364, 'cls': 0.51, 'special': 0.0, 'embed': 0.026}
[g4_fold1] ep87 step81/249 loss=0.2022 {'ds': 0.062, 'seg': 0.085, 'cls': 0.467, 'special': 0.0, 'embed': 0.01}
[g4_fold1] ep87 step101/249 loss=0.2288 {'ds': 0.11, 'seg': 0.155, 'cls': 0.295, 'special': 0.0, 'embed': 0.0}
[g4_fold1] ep87 step121/249 loss=0.5318 {'ds': 0.196, 'seg': 0.394, 'cls': 0.552, 'special': 0.0, 'embed': 0.001}
[g4_fold1] ep87 step141/249 loss=0.2314 {'ds': 0.112, 'seg': 0.148, 'cls': 0.329, 'special': 0.0, 'embed': 0.009}
[g4_fold1] ep87 step161/249 loss=0.1650 {'ds': 0.073, 'seg': 0.103, 'cls': 0.245, 'special': 0.0, 'embed': 0.013}
[g4_fold1] ep87 step181/249 loss=0.2020 {'ds': 0.077, 'seg': 0.101, 'cls': 0.402, 'special': 0.0, 'embed': 0.006}
[g4_fold1] ep87 step201/249 loss=0.1408 {'ds': 0.063, 'seg': 0.09, 'cls': 0.203, 'special': 0.001, 'embed': 0.004}
[g4_fold1] ep87 step221/249 loss=0.3315 {'ds': 0.143, 'seg': 0.196, 'cls': 0.533, 'special': 0.001, 'embed': 0.026}
[g4_fold1] ep87 step241/249 loss=0.3514 {'ds': 0.214, 'seg': 0.3, 'cls': 0.205, 'special': 0.0, 'embed': 0.002}
[g4_fold1] epoch 87 loss=0.2504 dice_core=0.9113 dice_peri=0.9545 thr=[0.4, 0.5] (795s)
[g4_fold1] ep88 step21/249 loss=0.5083 {'ds': 0.101, 'seg': 0.402, 'cls': 0.424, 'special': 0.0, 'embed': 0.002}
[g4_fold1] ep88 step41/249 loss=0.2948 {'ds': 0.147, 'seg': 0.203, 'cls': 0.368, 'special': 0.0, 'embed': 0.001}
[g4_fold1] ep88 step61/249 loss=0.2140 {'ds': 0.102, 'seg': 0.133, 'cls': 0.323, 'special': 0.0, 'embed': 0.001}
[g4_fold1] ep88 step81/249 loss=0.2083 {'ds': 0.105, 'seg': 0.148, 'cls': 0.24, 'special': 0.0, 'embed': 0.009}
[g4_fold1] ep88 step101/249 loss=0.2146 {'ds': 0.086, 'seg': 0.122, 'cls': 0.364, 'special': 0.0, 'embed': 0.025}
[g4_fold1] ep88 step121/249 loss=0.3596 {'ds': 0.205, 'seg': 0.276, 'cls': 0.334, 'special': 0.0, 'embed': 0.006}
[g4_fold1] ep88 step141/249 loss=0.2261 {'ds': 0.059, 'seg': 0.086, 'cls': 0.553, 'special': 0.0, 'embed': 0.019}
[g4_fold1] ep88 step161/249 loss=0.3079 {'ds': 0.159, 'seg': 0.225, 'cls': 0.31, 'special': 0.0, 'embed': 0.07}
[g4_fold1] ep88 step181/249 loss=0.2265 {'ds': 0.112, 'seg': 0.158, 'cls': 0.274, 'special': 0.0, 'embed': 0.003}
[g4_fold1] ep88 step201/249 loss=0.2658 {'ds': 0.135, 'seg': 0.18, 'cls': 0.339, 'special': 0.0, 'embed': 0.01}
[g4_fold1] ep88 step221/249 loss=0.3192 {'ds': 0.156, 'seg': 0.21, 'cls': 0.434, 'special': 0.0, 'embed': 0.012}
[g4_fold1] ep88 step241/249 loss=0.1934 {'ds': 0.073, 'seg': 0.091, 'cls': 0.408, 'special': 0.0, 'embed': 0.01}
[g4_fold1] epoch 88 loss=0.2639 dice_core=0.9115 dice_peri=0.9544 thr=[0.4, 0.5] (829s)
[g4_fold1] ep89 step21/249 loss=0.5684 {'ds': 0.348, 'seg': 0.51, 'cls': 0.23, 'special': 0.0, 'embed': 0.011}
[g4_fold1] ep89 step41/249 loss=0.5641 {'ds': 0.365, 'seg': 0.468, 'cls': 0.384, 'special': 0.0, 'embed': 0.004}
[g4_fold1] ep89 step61/249 loss=0.2298 {'ds': 0.097, 'seg': 0.142, 'cls': 0.338, 'special': 0.0, 'embed': 0.04}
[g4_fold1] ep89 step81/249 loss=0.1969 {'ds': 0.065, 'seg': 0.089, 'cls': 0.428, 'special': 0.0, 'embed': 0.017}
[g4_fold1] ep89 step101/249 loss=0.4581 {'ds': 0.229, 'seg': 0.389, 'cls': 0.26, 'special': 0.0, 'embed': 0.048}
[g4_fold1] ep89 step121/249 loss=0.3084 {'ds': 0.181, 'seg': 0.234, 'cls': 0.298, 'special': 0.0, 'embed': 0.001}
[g4_fold1] ep89 step141/249 loss=0.1540 {'ds': 0.064, 'seg': 0.082, 'cls': 0.286, 'special': 0.0, 'embed': 0.001}
[g4_fold1] ep89 step161/249 loss=1.0022 {'ds': 0.284, 'seg': 0.899, 'cls': 0.409, 'special': 0.0, 'embed': 0.007}
[g4_fold1] ep89 step181/249 loss=0.1487 {'ds': 0.068, 'seg': 0.087, 'cls': 0.246, 'special': 0.0, 'embed': 0.004}
[g4_fold1] ep89 step201/249 loss=0.1866 {'ds': 0.106, 'seg': 0.141, 'cls': 0.178, 'special': 0.0, 'embed': 0.007}
[g4_fold1] ep89 step221/249 loss=0.1632 {'ds': 0.062, 'seg': 0.079, 'cls': 0.336, 'special': 0.0, 'embed': 0.006}
[g4_fold1] ep89 step241/249 loss=0.2679 {'ds': 0.141, 'seg': 0.207, 'cls': 0.244, 'special': 0.0, 'embed': 0.001}
[g4_fold1] epoch 89 loss=0.2577 dice_core=0.9114 dice_peri=0.9546 thr=[0.4, 0.5] (770s)
[g4_fold1] ep90 step21/249 loss=0.3334 {'ds': 0.15, 'seg': 0.216, 'cls': 0.468, 'special': 0.0, 'embed': 0.002}
[g4_fold1] ep90 step41/249 loss=0.3377 {'ds': 0.196, 'seg': 0.273, 'cls': 0.253, 'special': 0.0, 'embed': 0.023}
[g4_fold1] ep90 step61/249 loss=0.2690 {'ds': 0.149, 'seg': 0.201, 'cls': 0.27, 'special': 0.0, 'embed': 0.001}
[g4_fold1] ep90 step81/249 loss=0.2965 {'ds': 0.148, 'seg': 0.205, 'cls': 0.365, 'special': 0.0, 'embed': 0.001}
[g4_fold1] ep90 step101/249 loss=0.1650 {'ds': 0.084, 'seg': 0.114, 'cls': 0.203, 'special': 0.0, 'embed': 0.004}
[g4_fold1] ep90 step121/249 loss=0.1793 {'ds': 0.083, 'seg': 0.119, 'cls': 0.24, 'special': 0.0, 'embed': 0.002}
[g4_fold1] ep90 step141/249 loss=0.6820 {'ds': 0.437, 'seg': 0.582, 'cls': 0.397, 'special': 0.0, 'embed': 0.015}
[g4_fold1] ep90 step161/249 loss=0.2663 {'ds': 0.102, 'seg': 0.153, 'cls': 0.453, 'special': 0.0, 'embed': 0.002}
[g4_fold1] ep90 step181/249 loss=0.4422 {'ds': 0.273, 'seg': 0.355, 'cls': 0.349, 'special': 0.0, 'embed': 0.001}
[g4_fold1] ep90 step201/249 loss=0.5449 {'ds': 0.084, 'seg': 0.364, 'cls': 0.724, 'special': 0.0, 'embed': 0.002}
[g4_fold1] ep90 step221/249 loss=0.1720 {'ds': 0.071, 'seg': 0.092, 'cls': 0.317, 'special': 0.0, 'embed': 0.006}
[g4_fold1] ep90 step241/249 loss=0.3157 {'ds': 0.149, 'seg': 0.204, 'cls': 0.445, 'special': 0.0, 'embed': 0.005}
[g4_fold1] epoch 90 loss=0.2567 dice_core=0.9113 dice_peri=0.9547 thr=[0.4, 0.55] (811s)
[g4_fold1] ep91 step21/249 loss=0.1912 {'ds': 0.107, 'seg': 0.143, 'cls': 0.191, 'special': 0.0, 'embed': 0.001}
[g4_fold1] ep91 step41/249 loss=0.1683 {'ds': 0.076, 'seg': 0.091, 'cls': 0.307, 'special': 0.0, 'embed': 0.01}
[g4_fold1] ep91 step61/249 loss=0.4111 {'ds': 0.19, 'seg': 0.256, 'cls': 0.621, 'special': 0.0, 'embed': 0.003}
[g4_fold1] ep91 step81/249 loss=0.1946 {'ds': 0.068, 'seg': 0.088, 'cls': 0.416, 'special': 0.001, 'embed': 0.025}
[g4_fold1] ep91 step101/249 loss=0.7433 {'ds': 0.295, 'seg': 0.664, 'cls': 0.318, 'special': 0.0, 'embed': 0.002}
[g4_fold1] ep91 step121/249 loss=0.2914 {'ds': 0.137, 'seg': 0.2, 'cls': 0.364, 'special': 0.0, 'embed': 0.0}
[g4_fold1] ep91 step141/249 loss=0.4772 {'ds': 0.315, 'seg': 0.426, 'cls': 0.204, 'special': 0.0, 'embed': 0.002}
[g4_fold1] ep91 step161/249 loss=0.1971 {'ds': 0.084, 'seg': 0.107, 'cls': 0.359, 'special': 0.0, 'embed': 0.001}
[g4_fold1] ep91 step181/249 loss=0.3580 {'ds': 0.227, 'seg': 0.303, 'cls': 0.218, 'special': 0.0, 'embed': 0.003}
[g4_fold1] ep91 step201/249 loss=0.1363 {'ds': 0.062, 'seg': 0.073, 'cls': 0.25, 'special': 0.0, 'embed': 0.008}
[g4_fold1] ep91 step221/249 loss=0.4460 {'ds': 0.217, 'seg': 0.277, 'cls': 0.676, 'special': 0.0, 'embed': 0.001}
[g4_fold1] ep91 step241/249 loss=0.3532 {'ds': 0.166, 'seg': 0.214, 'cls': 0.554, 'special': 0.0, 'embed': 0.003}
[g4_fold1] epoch 91 loss=0.2498 dice_core=0.9115 dice_peri=0.9549 thr=[0.4, 0.55] (773s)
[g4_fold1] ep92 step21/249 loss=0.4292 {'ds': 0.32, 'seg': 0.318, 'cls': 0.442, 'special': 0.0, 'embed': 0.012}
[g4_fold1] ep92 step41/249 loss=0.3985 {'ds': 0.228, 'seg': 0.292, 'cls': 0.423, 'special': 0.0, 'embed': 0.011}
[g4_fold1] ep92 step61/249 loss=0.1750 {'ds': 0.069, 'seg': 0.087, 'cls': 0.353, 'special': 0.0, 'embed': 0.0}
[g4_fold1] ep92 step81/249 loss=0.3280 {'ds': 0.197, 'seg': 0.274, 'cls': 0.215, 'special': 0.0, 'embed': 0.001}
[g4_fold1] ep92 step101/249 loss=0.2609 {'ds': 0.119, 'seg': 0.153, 'cls': 0.429, 'special': 0.0, 'embed': 0.006}
[g4_fold1] ep92 step121/249 loss=0.3207 {'ds': 0.184, 'seg': 0.246, 'cls': 0.294, 'special': 0.0, 'embed': 0.011}
[g4_fold1] ep92 step141/249 loss=0.3297 {'ds': 0.18, 'seg': 0.234, 'cls': 0.383, 'special': 0.001, 'embed': 0.002}
[g4_fold1] ep92 step161/249 loss=0.2166 {'ds': 0.075, 'seg': 0.098, 'cls': 0.472, 'special': 0.0, 'embed': 0.002}
[g4_fold1] ep92 step181/249 loss=0.3734 {'ds': 0.217, 'seg': 0.309, 'cls': 0.256, 'special': 0.0, 'embed': 0.003}
[g4_fold1] ep92 step201/249 loss=0.3445 {'ds': 0.194, 'seg': 0.265, 'cls': 0.316, 'special': 0.003, 'embed': 0.003}
[g4_fold1] ep92 step221/249 loss=0.4614 {'ds': 0.088, 'seg': 0.363, 'cls': 0.392, 'special': 0.0, 'embed': 0.006}
[g4_fold1] ep92 step241/249 loss=0.2687 {'ds': 0.117, 'seg': 0.166, 'cls': 0.404, 'special': 0.0, 'embed': 0.02}
[g4_fold1] epoch 92 loss=0.2556 dice_core=0.9116 dice_peri=0.9549 thr=[0.4, 0.55] (739s)
[g4_fold1] ep93 step21/249 loss=0.2158 {'ds': 0.113, 'seg': 0.143, 'cls': 0.291, 'special': 0.0, 'embed': 0.002}
[g4_fold1] ep93 step41/249 loss=0.1969 {'ds': 0.105, 'seg': 0.131, 'cls': 0.261, 'special': 0.0, 'embed': 0.003}
[g4_fold1] ep93 step61/249 loss=0.1527 {'ds': 0.061, 'seg': 0.078, 'cls': 0.299, 'special': 0.0, 'embed': 0.005}
[g4_fold1] ep93 step81/249 loss=0.1247 {'ds': 0.06, 'seg': 0.073, 'cls': 0.206, 'special': 0.0, 'embed': 0.003}
[g4_fold1] ep93 step101/249 loss=0.4353 {'ds': 0.055, 'seg': 0.321, 'cls': 0.457, 'special': 0.0, 'embed': 0.0}
[g4_fold1] ep93 step121/249 loss=0.2600 {'ds': 0.089, 'seg': 0.142, 'cls': 0.471, 'special': 0.0, 'embed': 0.001}
[g4_fold1] ep93 step141/249 loss=0.4051 {'ds': 0.235, 'seg': 0.316, 'cls': 0.355, 'special': 0.0, 'embed': 0.005}
[g4_fold1] ep93 step161/249 loss=0.1820 {'ds': 0.08, 'seg': 0.121, 'cls': 0.243, 'special': 0.0, 'embed': 0.004}
[g4_fold1] ep93 step181/249 loss=0.3011 {'ds': 0.223, 'seg': 0.204, 'cls': 0.387, 'special': 0.0, 'embed': 0.004}
[g4_fold1] ep93 step201/249 loss=0.2074 {'ds': 0.114, 'seg': 0.146, 'cls': 0.243, 'special': 0.0, 'embed': 0.004}
[g4_fold1] ep93 step221/249 loss=0.2700 {'ds': 0.101, 'seg': 0.167, 'cls': 0.412, 'special': 0.0, 'embed': 0.0}
[g4_fold1] ep93 step241/249 loss=0.1675 {'ds': 0.082, 'seg': 0.103, 'cls': 0.259, 'special': 0.0, 'embed': 0.001}
[g4_fold1] epoch 93 loss=0.2413 dice_core=0.9119 dice_peri=0.9550 thr=[0.4, 0.55] (739s)
[g4_fold1] ep94 step21/249 loss=0.2276 {'ds': 0.104, 'seg': 0.135, 'cls': 0.371, 'special': 0.0, 'embed': 0.003}
[g4_fold1] ep94 step41/249 loss=0.1979 {'ds': 0.103, 'seg': 0.143, 'cls': 0.218, 'special': 0.0, 'embed': 0.0}
[g4_fold1] ep94 step61/249 loss=0.1961 {'ds': 0.076, 'seg': 0.106, 'cls': 0.361, 'special': 0.0, 'embed': 0.002}
[g4_fold1] ep94 step81/249 loss=0.4141 {'ds': 0.254, 'seg': 0.35, 'cls': 0.256, 'special': 0.0, 'embed': 0.003}
[g4_fold1] ep94 step101/249 loss=0.2411 {'ds': 0.128, 'seg': 0.168, 'cls': 0.29, 'special': 0.0, 'embed': 0.009}
[g4_fold1] ep94 step121/249 loss=0.5051 {'ds': 0.222, 'seg': 0.31, 'cls': 0.779, 'special': 0.0, 'embed': 0.005}
[g4_fold1] ep94 step141/249 loss=0.5191 {'ds': 0.266, 'seg': 0.373, 'cls': 0.58, 'special': 0.0, 'embed': 0.012}
[g4_fold1] ep94 step161/249 loss=0.3485 {'ds': 0.258, 'seg': 0.24, 'cls': 0.434, 'special': 0.0, 'embed': 0.0}
[g4_fold1] ep94 step181/249 loss=1.0702 {'ds': 0.523, 'seg': 0.975, 'cls': 0.382, 'special': 0.0, 'embed': 0.0}
[g4_fold1] ep94 step201/249 loss=0.2323 {'ds': 0.127, 'seg': 0.168, 'cls': 0.253, 'special': 0.0, 'embed': 0.013}
[g4_fold1] ep94 step221/249 loss=0.2467 {'ds': 0.101, 'seg': 0.142, 'cls': 0.414, 'special': 0.0, 'embed': 0.012}
[g4_fold1] ep94 step241/249 loss=0.2556 {'ds': 0.131, 'seg': 0.174, 'cls': 0.326, 'special': 0.0, 'embed': 0.005}
[g4_fold1] epoch 94 loss=0.2543 dice_core=0.9119 dice_peri=0.9548 thr=[0.4, 0.55] (734s)
[g4_fold1] ep95 step21/249 loss=0.2100 {'ds': 0.085, 'seg': 0.116, 'cls': 0.376, 'special': 0.0, 'embed': 0.004}
[g4_fold1] ep95 step41/249 loss=0.4920 {'ds': 0.108, 'seg': 0.394, 'cls': 0.389, 'special': 0.0, 'embed': 0.006}
[g4_fold1] ep95 step61/249 loss=0.4768 {'ds': 0.258, 'seg': 0.357, 'cls': 0.479, 'special': 0.0, 'embed': 0.004}
[g4_fold1] ep95 step81/249 loss=0.2656 {'ds': 0.149, 'seg': 0.201, 'cls': 0.258, 'special': 0.0, 'embed': 0.001}
[g4_fold1] ep95 step101/249 loss=0.5532 {'ds': 0.337, 'seg': 0.458, 'cls': 0.382, 'special': 0.0, 'embed': 0.001}
[g4_fold1] ep95 step121/249 loss=0.2452 {'ds': 0.124, 'seg': 0.175, 'cls': 0.281, 'special': 0.0, 'embed': 0.003}
[g4_fold1] ep95 step141/249 loss=0.3740 {'ds': 0.199, 'seg': 0.249, 'cls': 0.498, 'special': 0.0, 'embed': 0.01}
[g4_fold1] ep95 step161/249 loss=0.2159 {'ds': 0.091, 'seg': 0.119, 'cls': 0.389, 'special': 0.0, 'embed': 0.002}
[g4_fold1] ep95 step181/249 loss=0.2432 {'ds': 0.106, 'seg': 0.14, 'cls': 0.41, 'special': 0.0, 'embed': 0.006}
[g4_fold1] ep95 step201/249 loss=0.1946 {'ds': 0.085, 'seg': 0.113, 'cls': 0.326, 'special': 0.0, 'embed': 0.004}
[g4_fold1] ep95 step221/249 loss=0.3604 {'ds': 0.21, 'seg': 0.277, 'cls': 0.329, 'special': 0.0, 'embed': 0.009}
[g4_fold1] ep95 step241/249 loss=0.2143 {'ds': 0.097, 'seg': 0.135, 'cls': 0.317, 'special': 0.0, 'embed': 0.003}
[g4_fold1] epoch 95 loss=0.2496 dice_core=0.9119 dice_peri=0.9547 thr=[0.35, 0.55] (730s)
[g4_fold1] ep96 step21/249 loss=0.3286 {'ds': 0.169, 'seg': 0.237, 'cls': 0.368, 'special': 0.0, 'embed': 0.001}
[g4_fold1] ep96 step41/249 loss=0.1717 {'ds': 0.09, 'seg': 0.123, 'cls': 0.193, 'special': 0.0, 'embed': 0.0}
[g4_fold1] ep96 step61/249 loss=0.3514 {'ds': 0.17, 'seg': 0.239, 'cls': 0.45, 'special': 0.0, 'embed': 0.0}
[g4_fold1] ep96 step81/249 loss=0.2455 {'ds': 0.137, 'seg': 0.184, 'cls': 0.242, 'special': 0.0, 'embed': 0.009}
[g4_fold1] ep96 step101/249 loss=0.2349 {'ds': 0.122, 'seg': 0.167, 'cls': 0.27, 'special': 0.0, 'embed': 0.006}
[g4_fold1] ep96 step121/249 loss=0.4619 {'ds': 0.288, 'seg': 0.392, 'cls': 0.277, 'special': 0.0, 'embed': 0.012}
[g4_fold1] ep96 step141/249 loss=0.1616 {'ds': 0.074, 'seg': 0.102, 'cls': 0.233, 'special': 0.004, 'embed': 0.003}
[g4_fold1] ep96 step161/249 loss=0.1811 {'ds': 0.086, 'seg': 0.113, 'cls': 0.269, 'special': 0.0, 'embed': 0.015}
[g4_fold1] ep96 step181/249 loss=0.1558 {'ds': 0.081, 'seg': 0.106, 'cls': 0.198, 'special': 0.0, 'embed': 0.002}
[g4_fold1] ep96 step201/249 loss=0.2980 {'ds': 0.134, 'seg': 0.182, 'cls': 0.463, 'special': 0.0, 'embed': 0.002}
[g4_fold1] ep96 step221/249 loss=0.3909 {'ds': 0.206, 'seg': 0.277, 'cls': 0.454, 'special': 0.0, 'embed': 0.005}
[g4_fold1] ep96 step241/249 loss=0.5058 {'ds': 0.302, 'seg': 0.384, 'cls': 0.485, 'special': 0.0, 'embed': 0.001}
[g4_fold1] epoch 96 loss=0.2510 dice_core=0.9122 dice_peri=0.9548 thr=[0.35, 0.55] (741s)
[g4_fold1] ep97 step21/249 loss=0.3491 {'ds': 0.186, 'seg': 0.25, 'cls': 0.388, 'special': 0.0, 'embed': 0.028}
[g4_fold1] ep97 step41/249 loss=0.2372 {'ds': 0.126, 'seg': 0.148, 'cls': 0.354, 'special': 0.001, 'embed': 0.01}
[g4_fold1] ep97 step61/249 loss=0.2477 {'ds': 0.114, 'seg': 0.16, 'cls': 0.348, 'special': 0.0, 'embed': 0.007}
[g4_fold1] ep97 step81/249 loss=0.5576 {'ds': 0.338, 'seg': 0.447, 'cls': 0.441, 'special': 0.0, 'embed': 0.002}
[g4_fold1] ep97 step101/249 loss=0.3052 {'ds': 0.198, 'seg': 0.231, 'cls': 0.296, 'special': 0.0, 'embed': 0.002}
[g4_fold1] ep97 step121/249 loss=0.2008 {'ds': 0.083, 'seg': 0.111, 'cls': 0.357, 'special': 0.0, 'embed': 0.007}
[g4_fold1] ep97 step141/249 loss=0.7011 {'ds': 0.281, 'seg': 0.643, 'cls': 0.231, 'special': 0.0, 'embed': 0.008}
[g4_fold1] ep97 step161/249 loss=0.3654 {'ds': 0.21, 'seg': 0.281, 'cls': 0.331, 'special': 0.0, 'embed': 0.017}
[g4_fold1] ep97 step181/249 loss=0.3056 {'ds': 0.166, 'seg': 0.23, 'cls': 0.302, 'special': 0.0, 'embed': 0.003}
[g4_fold1] ep97 step201/249 loss=0.2509 {'ds': 0.095, 'seg': 0.127, 'cls': 0.489, 'special': 0.0, 'embed': 0.025}
[g4_fold1] ep97 step221/249 loss=0.1266 {'ds': 0.049, 'seg': 0.064, 'cls': 0.251, 'special': 0.0, 'embed': 0.002}
[g4_fold1] ep97 step241/249 loss=0.2984 {'ds': 0.163, 'seg': 0.219, 'cls': 0.318, 'special': 0.0, 'embed': 0.0}
[g4_fold1] epoch 97 loss=0.2499 dice_core=0.9125 dice_peri=0.9548 thr=[0.35, 0.5] (724s)
[g4_fold1] ep98 step21/249 loss=0.1552 {'ds': 0.077, 'seg': 0.11, 'cls': 0.179, 'special': 0.0, 'embed': 0.005}
[g4_fold1] ep98 step41/249 loss=0.5775 {'ds': 0.254, 'seg': 0.506, 'cls': 0.282, 'special': 0.0, 'embed': 0.009}
[g4_fold1] ep98 step61/249 loss=0.1845 {'ds': 0.089, 'seg': 0.113, 'cls': 0.286, 'special': 0.0, 'embed': 0.002}
[g4_fold1] ep98 step81/249 loss=0.2395 {'ds': 0.124, 'seg': 0.162, 'cls': 0.308, 'special': 0.0, 'embed': 0.001}
[g4_fold1] ep98 step101/249 loss=0.4484 {'ds': 0.333, 'seg': 0.382, 'cls': 0.263, 'special': 0.0, 'embed': 0.002}
[g4_fold1] ep98 step121/249 loss=0.2135 {'ds': 0.101, 'seg': 0.134, 'cls': 0.318, 'special': 0.0, 'embed': 0.0}
[g4_fold1] ep98 step141/249 loss=0.4422 {'ds': 0.238, 'seg': 0.334, 'cls': 0.427, 'special': 0.0, 'embed': 0.015}
[g4_fold1] ep98 step161/249 loss=0.2232 {'ds': 0.119, 'seg': 0.162, 'cls': 0.246, 'special': 0.0, 'embed': 0.0}
[g4_fold1] ep98 step181/249 loss=0.2964 {'ds': 0.143, 'seg': 0.194, 'cls': 0.411, 'special': 0.0, 'embed': 0.001}
[g4_fold1] ep98 step201/249 loss=0.2274 {'ds': 0.139, 'seg': 0.184, 'cls': 0.175, 'special': 0.0, 'embed': 0.001}
[g4_fold1] ep98 step221/249 loss=0.2613 {'ds': 0.117, 'seg': 0.163, 'cls': 0.392, 'special': 0.0, 'embed': 0.003}
[g4_fold1] ep98 step241/249 loss=0.3618 {'ds': 0.174, 'seg': 0.233, 'cls': 0.513, 'special': 0.0, 'embed': 0.001}
[g4_fold1] epoch 98 loss=0.2561 dice_core=0.9123 dice_peri=0.9546 thr=[0.35, 0.55] (719s)
[g4_fold1] ep99 step21/249 loss=0.1294 {'ds': 0.057, 'seg': 0.078, 'cls': 0.201, 'special': 0.003, 'embed': 0.001}
[g4_fold1] ep99 step41/249 loss=0.3104 {'ds': 0.076, 'seg': 0.198, 'cls': 0.446, 'special': 0.0, 'embed': 0.007}
[g4_fold1] ep99 step61/249 loss=0.1912 {'ds': 0.081, 'seg': 0.105, 'cls': 0.345, 'special': 0.0, 'embed': 0.001}
[g4_fold1] ep99 step81/249 loss=0.1618 {'ds': 0.063, 'seg': 0.081, 'cls': 0.322, 'special': 0.0, 'embed': 0.007}
[g4_fold1] ep99 step101/249 loss=0.1954 {'ds': 0.104, 'seg': 0.139, 'cls': 0.225, 'special': 0.0, 'embed': 0.001}
[g4_fold1] ep99 step121/249 loss=0.1473 {'ds': 0.052, 'seg': 0.069, 'cls': 0.313, 'special': 0.0, 'embed': 0.001}
[g4_fold1] ep99 step141/249 loss=0.5049 {'ds': 0.293, 'seg': 0.41, 'cls': 0.378, 'special': 0.0, 'embed': 0.006}
[g4_fold1] ep99 step161/249 loss=0.3850 {'ds': 0.163, 'seg': 0.237, 'cls': 0.594, 'special': 0.0, 'embed': 0.001}
[g4_fold1] ep99 step181/249 loss=0.3908 {'ds': 0.19, 'seg': 0.276, 'cls': 0.458, 'special': 0.0, 'embed': 0.003}
[g4_fold1] ep99 step201/249 loss=0.3075 {'ds': 0.171, 'seg': 0.217, 'cls': 0.35, 'special': 0.0, 'embed': 0.045}
[g4_fold1] ep99 step221/249 loss=0.3359 {'ds': 0.181, 'seg': 0.24, 'cls': 0.371, 'special': 0.0, 'embed': 0.036}
[g4_fold1] ep99 step241/249 loss=0.1902 {'ds': 0.077, 'seg': 0.099, 'cls': 0.35, 'special': 0.0, 'embed': 0.049}
[g4_fold1] epoch 99 loss=0.2598 dice_core=0.9120 dice_peri=0.9544 thr=[0.35, 0.55] (747s)
[trainer] done. best=0.9550 thr=[0.4, 0.55] -> /mnt/data_sdb/wangx/code/BrainTumorSeg/glioma_track4/checkpoints/g4_fold1/best.pth
